// Jest Snapshot v1, https://goo.gl/fbAQLP

exports[`ChangesTable Unit Tests ChangesTable snapshot testing 1`] = `undefined`;
